###############################################################################
#
# IAR ELF Linker V8.40.1.212/W32 for ARM                  14/Nov/2019  16:37:40
# Copyright 2007-2019 IAR Systems AB.
#
#    Output file  =  D:\Code\FreeRtos\task2\EWARM\task2\Exe\task2.out
#    Map file     =  D:\Code\FreeRtos\task2\EWARM\task2\List\task2.map
#    Command line =
#        -f C:\Users\58326\AppData\Local\Temp\EW9C80.tmp
#        (D:\Code\FreeRtos\task2\EWARM\task2\Obj\bsp_led.o
#        D:\Code\FreeRtos\task2\EWARM\task2\Obj\bsp_uart.o
#        D:\Code\FreeRtos\task2\EWARM\task2\Obj\cmsis_os2.o
#        D:\Code\FreeRtos\task2\EWARM\task2\Obj\croutine.o
#        D:\Code\FreeRtos\task2\EWARM\task2\Obj\event_groups.o
#        D:\Code\FreeRtos\task2\EWARM\task2\Obj\freertos.o
#        D:\Code\FreeRtos\task2\EWARM\task2\Obj\heap_4.o
#        D:\Code\FreeRtos\task2\EWARM\task2\Obj\list.o
#        D:\Code\FreeRtos\task2\EWARM\task2\Obj\main.o
#        D:\Code\FreeRtos\task2\EWARM\task2\Obj\port.o
#        D:\Code\FreeRtos\task2\EWARM\task2\Obj\portasm.o
#        D:\Code\FreeRtos\task2\EWARM\task2\Obj\queue.o
#        D:\Code\FreeRtos\task2\EWARM\task2\Obj\SEGGER_RTT.o
#        D:\Code\FreeRtos\task2\EWARM\task2\Obj\SEGGER_RTT_printf.o
#        D:\Code\FreeRtos\task2\EWARM\task2\Obj\SEGGER_RTT_Syscalls_IAR.o
#        D:\Code\FreeRtos\task2\EWARM\task2\Obj\SEGGER_SYSVIEW.o
#        D:\Code\FreeRtos\task2\EWARM\task2\Obj\SEGGER_SYSVIEW_Config_FreeRTOS.o
#        D:\Code\FreeRtos\task2\EWARM\task2\Obj\SEGGER_SYSVIEW_FreeRTOS.o
#        D:\Code\FreeRtos\task2\EWARM\task2\Obj\startup_stm32h743xx.o
#        D:\Code\FreeRtos\task2\EWARM\task2\Obj\stm32h7xx_hal.o
#        D:\Code\FreeRtos\task2\EWARM\task2\Obj\stm32h7xx_hal_cortex.o
#        D:\Code\FreeRtos\task2\EWARM\task2\Obj\stm32h7xx_hal_dma.o
#        D:\Code\FreeRtos\task2\EWARM\task2\Obj\stm32h7xx_hal_dma_ex.o
#        D:\Code\FreeRtos\task2\EWARM\task2\Obj\stm32h7xx_hal_exti.o
#        D:\Code\FreeRtos\task2\EWARM\task2\Obj\stm32h7xx_hal_flash.o
#        D:\Code\FreeRtos\task2\EWARM\task2\Obj\stm32h7xx_hal_flash_ex.o
#        D:\Code\FreeRtos\task2\EWARM\task2\Obj\stm32h7xx_hal_gpio.o
#        D:\Code\FreeRtos\task2\EWARM\task2\Obj\stm32h7xx_hal_hsem.o
#        D:\Code\FreeRtos\task2\EWARM\task2\Obj\stm32h7xx_hal_i2c.o
#        D:\Code\FreeRtos\task2\EWARM\task2\Obj\stm32h7xx_hal_i2c_ex.o
#        D:\Code\FreeRtos\task2\EWARM\task2\Obj\stm32h7xx_hal_mdma.o
#        D:\Code\FreeRtos\task2\EWARM\task2\Obj\stm32h7xx_hal_msp.o
#        D:\Code\FreeRtos\task2\EWARM\task2\Obj\stm32h7xx_hal_pwr.o
#        D:\Code\FreeRtos\task2\EWARM\task2\Obj\stm32h7xx_hal_pwr_ex.o
#        D:\Code\FreeRtos\task2\EWARM\task2\Obj\stm32h7xx_hal_rcc.o
#        D:\Code\FreeRtos\task2\EWARM\task2\Obj\stm32h7xx_hal_rcc_ex.o
#        D:\Code\FreeRtos\task2\EWARM\task2\Obj\stm32h7xx_hal_tim.o
#        D:\Code\FreeRtos\task2\EWARM\task2\Obj\stm32h7xx_hal_tim_ex.o
#        D:\Code\FreeRtos\task2\EWARM\task2\Obj\stm32h7xx_hal_uart.o
#        D:\Code\FreeRtos\task2\EWARM\task2\Obj\stm32h7xx_hal_uart_ex.o
#        D:\Code\FreeRtos\task2\EWARM\task2\Obj\stm32h7xx_it.o
#        D:\Code\FreeRtos\task2\EWARM\task2\Obj\stream_buffer.o
#        D:\Code\FreeRtos\task2\EWARM\task2\Obj\sys.o
#        D:\Code\FreeRtos\task2\EWARM\task2\Obj\system_stm32h7xx.o
#        D:\Code\FreeRtos\task2\EWARM\task2\Obj\tasks.o
#        D:\Code\FreeRtos\task2\EWARM\task2\Obj\timers.o
#        D:\Code\FreeRtos\task2\EWARM\task2\Obj\usart.o --redirect
#        _Printf=_PrintfFull --redirect _Scanf=_ScanfFull --no_out_extension -o
#        D:\Code\FreeRtos\task2\EWARM\task2\Exe\task2.out --map
#        D:\Code\FreeRtos\task2\EWARM\task2\List\task2.map --config
#        D:\Code\FreeRtos\task2\EWARM/stm32h743xx_flash.icf --semihosting
#        --entry __iar_program_start --vfe --text_out locale)
#
###############################################################################

*******************************************************************************
*** RUNTIME MODEL ATTRIBUTES
***

CppFlavor       = *
__SystemLibrary = DLib
__dlib_version  = 6


*******************************************************************************
*** HEAP SELECTION
***

The basic heap was selected because no calls to memory allocation
functions were found in the application outside of system library
functions, and there are calls to deallocation functions in the
application.


*******************************************************************************
*** PLACEMENT SUMMARY
***

"A0":  place at address 0x800'0000 { ro section .intvec };
"P1":  place in [from 0x800'0000 to 0x81f'ffff] { ro };
define block CSTACK with size = 1K, alignment = 8 { };
define block HEAP with size = 512, alignment = 8 { };
"P2":  place in [from 0x2000'0000 to 0x2001'ffff] {
          rw, block CSTACK, block HEAP };
initialize by copy { rw };

  Section            Kind         Address    Size  Object
  -------            ----         -------    ----  ------
"A0":                                       0x298
  .intvec            ro code   0x800'0000   0x298  startup_stm32h743xx.o [1]
                             - 0x800'0298   0x298

"P1":                                      0x8048
  .text              ro code   0x800'0298  0x18f0  stm32h7xx_hal_uart.o [1]
  .text              ro code   0x800'1b88    0xf8  usart.o [1]
  .text              ro code   0x800'1c80  0x118c  stm32h7xx_hal_rcc_ex.o [1]
  .text              ro code   0x800'2e0c   0x230  I64DivMod.o [4]
  .text              ro code   0x800'303c   0xb1c  stm32h7xx_hal_rcc.o [1]
  .text              ro code   0x800'3b58     0xc  stm32h7xx_hal.o [1]
  .text              ro code   0x800'3b64   0x1aa  main.o [1]
  .text              ro code   0x800'3d0e    0x3a  zero_init3.o [4]
  .text              ro code   0x800'3d48   0x18c  stm32h7xx_hal_uart_ex.o [1]
  .text              ro code   0x800'3ed4    0x14  memset.o [4]
  .text              ro code   0x800'3ee8   0x294  stm32h7xx_hal_gpio.o [1]
  .text              ro code   0x800'417c   0x154  stm32h7xx_hal_cortex.o [1]
  .text              ro code   0x800'42d0     0x2  I64DivZer.o [4]
  .text              ro code   0x800'42d2    0x2e  copy_init3.o [4]
  .text              ro code   0x800'4300    0x58  stm32h7xx_hal.o [1]
  .text              ro code   0x800'4358    0x74  stm32h7xx_hal.o [1]
  .text              ro code   0x800'43cc    0xe0  bsp_led.o [1]
  .text              ro code   0x800'44ac   0x43c  SEGGER_RTT.o [1]
  .text              ro code   0x800'48e8    0x94  freertos.o [1]
  .text              ro code   0x800'497c   0x1f8  cmsis_os2.o [1]
  .text              ro code   0x800'4b74    0x54  stm32h7xx_hal_pwr_ex.o [1]
  .text              ro code   0x800'4bc8    0x66  ABImemset.o [4]
  .text              ro code   0x800'4c30    0x28  stm32h7xx_hal_msp.o [1]
  .text              ro code   0x800'4c58    0x18  strcpy.o [4]
  .text              ro code   0x800'4c70    0xa6  ABImemcpy.o [4]
  .text              ro code   0x800'4d18   0x48e  SEGGER_RTT_printf.o [1]
  .text              ro code   0x800'51a8   0xae8  tasks.o [1]
  .text              ro code   0x800'5c90   0x274  heap_4.o [1]
  .text              ro code   0x800'5f04    0x9a  list.o [1]
  .text              ro code   0x800'5fa0   0x26c  port.o [1]
  .text              ro code   0x800'620c   0xb58  SEGGER_SYSVIEW.o [1]
  .text              ro code   0x800'6d64    0xc6  SEGGER_SYSVIEW_FreeRTOS.o [1]
  .text              ro code   0x800'6e2c   0x48c  timers.o [1]
  .text              ro code   0x800'72b8    0x68  memcmp.o [4]
  CODE               ro code   0x800'7320    0xb0  portasm.o [1]
  .text              ro code   0x800'73d0   0x854  queue.o [1]
  .text              ro code   0x800'7c24   0x164  bsp_uart.o [1]
  .text              ro code   0x800'7d88    0xdc  system_stm32h7xx.o [1]
  .rodata            const     0x800'7e64    0x50  SEGGER_SYSVIEW_FreeRTOS.o [1]
  .text              ro code   0x800'7eb4    0x28  data_init.o [4]
  .rodata            const     0x800'7edc    0x24  freertos.o [1]
  .rodata            const     0x800'7f00    0x24  freertos.o [1]
  .text              ro code   0x800'7f24    0x22  fpinit_M.o [3]
  .iar.init_table    const     0x800'7f48    0x24  - Linker created -
  .text              ro code   0x800'7f6c    0x20  stm32h7xx_it.o [1]
  .text              ro code   0x800'7f8c    0x18  stm32h7xx_hal.o [1]
  .text              ro code   0x800'7fa4    0x1e  cmain.o [4]
  .text              ro code   0x800'7fc2     0x4  low_level_init.o [2]
  .text              ro code   0x800'7fc6     0x4  exit.o [2]
  .text              ro code   0x800'7fcc     0xa  cexit.o [4]
  .text              ro code   0x800'7fd8    0x14  exit.o [5]
  Initializer bytes  const     0x800'7fec    0x14  <for P2-1>
  .rodata            const     0x800'8000    0x10  freertos.o [1]
  .rodata            const     0x800'8010    0x10  SEGGER_RTT_printf.o [1]
  .rodata            const     0x800'8020    0x10  system_stm32h7xx.o [1]
  .text              ro code   0x800'8030    0x10  startup_stm32h743xx.o [1]
  .rodata            const     0x800'8040     0xc  freertos.o [1]
  .rodata            const     0x800'804c     0xc  SEGGER_RTT.o [1]
  .rodata            const     0x800'8058     0xc  SEGGER_SYSVIEW.o [1]
  .text              ro code   0x800'8064     0xc  cstartup_M.o [4]
  .rodata            const     0x800'8070     0x8  freertos.o [1]
  .rodata            const     0x800'8078     0x8  SEGGER_RTT.o [1]
  .rodata            const     0x800'8080     0x8  SEGGER_SYSVIEW_FreeRTOS.o [1]
  .rodata            const     0x800'8088     0x8  stm32h7xx_hal_uart_ex.o [1]
  .rodata            const     0x800'8090     0x8  stm32h7xx_hal_uart_ex.o [1]
  .rodata            const     0x800'8098     0x8  tasks.o [1]
  .rodata            const     0x800'80a0     0x8  timers.o [1]
  .rodata            const     0x800'80a8     0x8  timers.o [1]
  .rodata            const     0x800'80b0     0x4  heap_4.o [1]
  .rodata            const     0x800'80b4     0x4  port.o [1]
  .text              ro code   0x800'80b8     0x4  startup_stm32h743xx.o [1]
  .text              ro code   0x800'80bc     0x4  startup_stm32h743xx.o [1]
  .text              ro code   0x800'80c0     0x4  startup_stm32h743xx.o [1]
  .text              ro code   0x800'80c4     0x4  startup_stm32h743xx.o [1]
  .text              ro code   0x800'80c8     0x4  startup_stm32h743xx.o [1]
  .text              ro code   0x800'80cc     0x4  startup_stm32h743xx.o [1]
  .text              ro code   0x800'80d0     0x4  startup_stm32h743xx.o [1]
  .text              ro code   0x800'80d4     0x4  startup_stm32h743xx.o [1]
  .text              ro code   0x800'80d8     0x4  startup_stm32h743xx.o [1]
  .text              ro code   0x800'80dc     0x4  startup_stm32h743xx.o [1]
  .text              ro code   0x800'80e0     0x4  startup_stm32h743xx.o [1]
  .text              ro code   0x800'80e4     0x4  startup_stm32h743xx.o [1]
  .text              ro code   0x800'80e8     0x4  startup_stm32h743xx.o [1]
  .text              ro code   0x800'80ec     0x4  startup_stm32h743xx.o [1]
  .text              ro code   0x800'80f0     0x4  startup_stm32h743xx.o [1]
  .text              ro code   0x800'80f4     0x4  startup_stm32h743xx.o [1]
  .text              ro code   0x800'80f8     0x4  startup_stm32h743xx.o [1]
  .text              ro code   0x800'80fc     0x4  startup_stm32h743xx.o [1]
  .text              ro code   0x800'8100     0x4  startup_stm32h743xx.o [1]
  .text              ro code   0x800'8104     0x4  startup_stm32h743xx.o [1]
  .text              ro code   0x800'8108     0x4  startup_stm32h743xx.o [1]
  .text              ro code   0x800'810c     0x4  startup_stm32h743xx.o [1]
  .text              ro code   0x800'8110     0x4  startup_stm32h743xx.o [1]
  .text              ro code   0x800'8114     0x4  startup_stm32h743xx.o [1]
  .text              ro code   0x800'8118     0x4  startup_stm32h743xx.o [1]
  .text              ro code   0x800'811c     0x4  startup_stm32h743xx.o [1]
  .text              ro code   0x800'8120     0x4  startup_stm32h743xx.o [1]
  .text              ro code   0x800'8124     0x4  startup_stm32h743xx.o [1]
  .text              ro code   0x800'8128     0x4  startup_stm32h743xx.o [1]
  .text              ro code   0x800'812c     0x4  startup_stm32h743xx.o [1]
  .text              ro code   0x800'8130     0x4  startup_stm32h743xx.o [1]
  .text              ro code   0x800'8134     0x4  startup_stm32h743xx.o [1]
  .text              ro code   0x800'8138     0x4  startup_stm32h743xx.o [1]
  .text              ro code   0x800'813c     0x4  startup_stm32h743xx.o [1]
  .text              ro code   0x800'8140     0x4  startup_stm32h743xx.o [1]
  .text              ro code   0x800'8144     0x4  startup_stm32h743xx.o [1]
  .text              ro code   0x800'8148     0x4  startup_stm32h743xx.o [1]
  .text              ro code   0x800'814c     0x4  startup_stm32h743xx.o [1]
  .text              ro code   0x800'8150     0x4  startup_stm32h743xx.o [1]
  .text              ro code   0x800'8154     0x4  startup_stm32h743xx.o [1]
  .text              ro code   0x800'8158     0x4  startup_stm32h743xx.o [1]
  .text              ro code   0x800'815c     0x4  startup_stm32h743xx.o [1]
  .text              ro code   0x800'8160     0x4  startup_stm32h743xx.o [1]
  .text              ro code   0x800'8164     0x4  startup_stm32h743xx.o [1]
  .text              ro code   0x800'8168     0x4  startup_stm32h743xx.o [1]
  .text              ro code   0x800'816c     0x4  startup_stm32h743xx.o [1]
  .text              ro code   0x800'8170     0x4  startup_stm32h743xx.o [1]
  .text              ro code   0x800'8174     0x4  startup_stm32h743xx.o [1]
  .text              ro code   0x800'8178     0x4  startup_stm32h743xx.o [1]
  .text              ro code   0x800'817c     0x4  startup_stm32h743xx.o [1]
  .text              ro code   0x800'8180     0x4  startup_stm32h743xx.o [1]
  .text              ro code   0x800'8184     0x4  startup_stm32h743xx.o [1]
  .text              ro code   0x800'8188     0x4  startup_stm32h743xx.o [1]
  .text              ro code   0x800'818c     0x4  startup_stm32h743xx.o [1]
  .text              ro code   0x800'8190     0x4  startup_stm32h743xx.o [1]
  .text              ro code   0x800'8194     0x4  startup_stm32h743xx.o [1]
  .text              ro code   0x800'8198     0x4  startup_stm32h743xx.o [1]
  .text              ro code   0x800'819c     0x4  startup_stm32h743xx.o [1]
  .text              ro code   0x800'81a0     0x4  startup_stm32h743xx.o [1]
  .text              ro code   0x800'81a4     0x4  startup_stm32h743xx.o [1]
  .text              ro code   0x800'81a8     0x4  startup_stm32h743xx.o [1]
  .text              ro code   0x800'81ac     0x4  startup_stm32h743xx.o [1]
  .text              ro code   0x800'81b0     0x4  startup_stm32h743xx.o [1]
  .text              ro code   0x800'81b4     0x4  startup_stm32h743xx.o [1]
  .text              ro code   0x800'81b8     0x4  startup_stm32h743xx.o [1]
  .text              ro code   0x800'81bc     0x4  startup_stm32h743xx.o [1]
  .text              ro code   0x800'81c0     0x4  startup_stm32h743xx.o [1]
  .text              ro code   0x800'81c4     0x4  startup_stm32h743xx.o [1]
  .text              ro code   0x800'81c8     0x4  startup_stm32h743xx.o [1]
  .text              ro code   0x800'81cc     0x4  startup_stm32h743xx.o [1]
  .text              ro code   0x800'81d0     0x4  startup_stm32h743xx.o [1]
  .text              ro code   0x800'81d4     0x4  startup_stm32h743xx.o [1]
  .text              ro code   0x800'81d8     0x4  startup_stm32h743xx.o [1]
  .text              ro code   0x800'81dc     0x4  startup_stm32h743xx.o [1]
  .text              ro code   0x800'81e0     0x4  startup_stm32h743xx.o [1]
  .text              ro code   0x800'81e4     0x4  startup_stm32h743xx.o [1]
  .text              ro code   0x800'81e8     0x4  startup_stm32h743xx.o [1]
  .text              ro code   0x800'81ec     0x4  startup_stm32h743xx.o [1]
  .text              ro code   0x800'81f0     0x4  startup_stm32h743xx.o [1]
  .text              ro code   0x800'81f4     0x4  startup_stm32h743xx.o [1]
  .text              ro code   0x800'81f8     0x4  startup_stm32h743xx.o [1]
  .text              ro code   0x800'81fc     0x4  startup_stm32h743xx.o [1]
  .text              ro code   0x800'8200     0x4  startup_stm32h743xx.o [1]
  .text              ro code   0x800'8204     0x4  startup_stm32h743xx.o [1]
  .text              ro code   0x800'8208     0x4  startup_stm32h743xx.o [1]
  .text              ro code   0x800'820c     0x4  startup_stm32h743xx.o [1]
  .text              ro code   0x800'8210     0x4  startup_stm32h743xx.o [1]
  .text              ro code   0x800'8214     0x4  startup_stm32h743xx.o [1]
  .text              ro code   0x800'8218     0x4  startup_stm32h743xx.o [1]
  .text              ro code   0x800'821c     0x4  startup_stm32h743xx.o [1]
  .text              ro code   0x800'8220     0x4  startup_stm32h743xx.o [1]
  .text              ro code   0x800'8224     0x4  startup_stm32h743xx.o [1]
  .text              ro code   0x800'8228     0x4  startup_stm32h743xx.o [1]
  .text              ro code   0x800'822c     0x4  startup_stm32h743xx.o [1]
  .text              ro code   0x800'8230     0x4  startup_stm32h743xx.o [1]
  .text              ro code   0x800'8234     0x4  startup_stm32h743xx.o [1]
  .text              ro code   0x800'8238     0x4  startup_stm32h743xx.o [1]
  .text              ro code   0x800'823c     0x4  startup_stm32h743xx.o [1]
  .text              ro code   0x800'8240     0x4  startup_stm32h743xx.o [1]
  .text              ro code   0x800'8244     0x4  startup_stm32h743xx.o [1]
  .text              ro code   0x800'8248     0x4  startup_stm32h743xx.o [1]
  .text              ro code   0x800'824c     0x4  startup_stm32h743xx.o [1]
  .text              ro code   0x800'8250     0x4  startup_stm32h743xx.o [1]
  .text              ro code   0x800'8254     0x4  startup_stm32h743xx.o [1]
  .text              ro code   0x800'8258     0x4  startup_stm32h743xx.o [1]
  .text              ro code   0x800'825c     0x4  startup_stm32h743xx.o [1]
  .text              ro code   0x800'8260     0x4  startup_stm32h743xx.o [1]
  .text              ro code   0x800'8264     0x4  startup_stm32h743xx.o [1]
  .text              ro code   0x800'8268     0x4  startup_stm32h743xx.o [1]
  .text              ro code   0x800'826c     0x4  startup_stm32h743xx.o [1]
  .text              ro code   0x800'8270     0x4  startup_stm32h743xx.o [1]
  .text              ro code   0x800'8274     0x4  startup_stm32h743xx.o [1]
  .text              ro code   0x800'8278     0x4  startup_stm32h743xx.o [1]
  .text              ro code   0x800'827c     0x4  startup_stm32h743xx.o [1]
  .text              ro code   0x800'8280     0x4  startup_stm32h743xx.o [1]
  .text              ro code   0x800'8284     0x4  startup_stm32h743xx.o [1]
  .text              ro code   0x800'8288     0x4  startup_stm32h743xx.o [1]
  .text              ro code   0x800'828c     0x4  startup_stm32h743xx.o [1]
  .text              ro code   0x800'8290     0x4  startup_stm32h743xx.o [1]
  .text              ro code   0x800'8294     0x4  startup_stm32h743xx.o [1]
  .text              ro code   0x800'8298     0x4  startup_stm32h743xx.o [1]
  .text              ro code   0x800'829c     0x4  startup_stm32h743xx.o [1]
  .text              ro code   0x800'82a0     0x4  startup_stm32h743xx.o [1]
  .text              ro code   0x800'82a4     0x4  startup_stm32h743xx.o [1]
  .text              ro code   0x800'82a8     0x4  startup_stm32h743xx.o [1]
  .text              ro code   0x800'82ac     0x4  startup_stm32h743xx.o [1]
  .text              ro code   0x800'82b0     0x4  startup_stm32h743xx.o [1]
  .text              ro code   0x800'82b4     0x4  startup_stm32h743xx.o [1]
  .text              ro code   0x800'82b8     0x4  startup_stm32h743xx.o [1]
  .text              ro code   0x800'82bc     0x4  startup_stm32h743xx.o [1]
  .text              ro code   0x800'82c0     0x4  startup_stm32h743xx.o [1]
  .text              ro code   0x800'82c4     0x4  startup_stm32h743xx.o [1]
  .text              ro code   0x800'82c8     0x4  startup_stm32h743xx.o [1]
  .text              ro code   0x800'82cc     0x4  startup_stm32h743xx.o [1]
  .text              ro code   0x800'82d0     0x4  startup_stm32h743xx.o [1]
  .text              ro code   0x800'82d4     0x4  startup_stm32h743xx.o [1]
  .text              ro code   0x800'82d8     0x4  startup_stm32h743xx.o [1]
  .text              ro code   0x800'82dc     0x4  startup_stm32h743xx.o [1]
  .rodata            const     0x800'82e0     0x0  zero_init3.o [4]
  .rodata            const     0x800'82e0     0x0  copy_init3.o [4]
                             - 0x800'82e0  0x8048

"P2", part 1 of 3:                           0x14
  P2-1                        0x2000'0000    0x11  <Init block>
    .data            inited   0x2000'0000     0x4  port.o [1]
    .data            inited   0x2000'0004     0x4  stm32h7xx_hal.o [1]
    .data            inited   0x2000'0008     0x4  system_stm32h7xx.o [1]
    .data            inited   0x2000'000c     0x4  system_stm32h7xx.o [1]
    .data            inited   0x2000'0010     0x1  stm32h7xx_hal.o [1]
                            - 0x2000'0011    0x11

"P2", part 2 of 3:                         0x506c
  .bss               zero     0x2000'0014  0x3c00  heap_4.o [1]
  .bss               zero     0x2000'3c14   0x460  tasks.o [1]
  .bss               zero     0x2000'4074   0x400  cmsis_os2.o [1]
  .bss               zero     0x2000'4474   0x400  SEGGER_RTT.o [1]
  .bss               zero     0x2000'4874   0x200  cmsis_os2.o [1]
  .bss               zero     0x2000'4a74    0xe4  SEGGER_SYSVIEW.o [1]
  .bss               zero     0x2000'4b58    0xa8  SEGGER_RTT.o [1]
  .bss               zero     0x2000'4c00    0xa0  SEGGER_SYSVIEW_FreeRTOS.o [1]
  .bss               zero     0x2000'4ca0    0xa0  timers.o [1]
  .bss               zero     0x2000'4d40    0x8c  usart.o [1]
  .bss               zero     0x2000'4dcc    0x5c  cmsis_os2.o [1]
  .bss               zero     0x2000'4e28    0x5c  cmsis_os2.o [1]
  .bss               zero     0x2000'4e84    0x50  timers.o [1]
  .bss               zero     0x2000'4ed4    0x40  queue.o [1]
  .bss               zero     0x2000'4f14    0x28  SEGGER_SYSVIEW.o [1]
  .bss               zero     0x2000'4f3c    0x20  bsp_uart.o [1]
  .bss               zero     0x2000'4f5c    0x14  tasks.o [1]
  .bss               zero     0x2000'4f70    0x14  tasks.o [1]
  .bss               zero     0x2000'4f84    0x14  tasks.o [1]
  .bss               zero     0x2000'4f98    0x14  tasks.o [1]
  .bss               zero     0x2000'4fac    0x14  tasks.o [1]
  .bss               zero     0x2000'4fc0    0x14  timers.o [1]
  .bss               zero     0x2000'4fd4    0x14  timers.o [1]
  .bss               zero     0x2000'4fe8    0x10  SEGGER_RTT.o [1]
  .bss               zero     0x2000'4ff8     0x8  heap_4.o [1]
  .bss               zero     0x2000'5000     0x4  cmsis_os2.o [1]
  .bss               zero     0x2000'5004     0x4  freertos.o [1]
  .bss               zero     0x2000'5008     0x4  freertos.o [1]
  .bss               zero     0x2000'500c     0x4  heap_4.o [1]
  .bss               zero     0x2000'5010     0x4  heap_4.o [1]
  .bss               zero     0x2000'5014     0x4  heap_4.o [1]
  .bss               zero     0x2000'5018     0x4  heap_4.o [1]
  .bss               zero     0x2000'501c     0x4  port.o [1]
  .bss               zero     0x2000'5020     0x4  SEGGER_SYSVIEW.o [1]
  .bss               zero     0x2000'5024     0x4  SEGGER_SYSVIEW_FreeRTOS.o [1]
  .bss               zero     0x2000'5028     0x4  stm32h7xx_hal.o [1]
  .bss               zero     0x2000'502c     0x4  tasks.o [1]
  .bss               zero     0x2000'5030     0x4  tasks.o [1]
  .bss               zero     0x2000'5034     0x4  tasks.o [1]
  .bss               zero     0x2000'5038     0x4  tasks.o [1]
  .bss               zero     0x2000'503c     0x4  tasks.o [1]
  .bss               zero     0x2000'5040     0x4  tasks.o [1]
  .bss               zero     0x2000'5044     0x4  tasks.o [1]
  .bss               zero     0x2000'5048     0x4  tasks.o [1]
  .bss               zero     0x2000'504c     0x4  tasks.o [1]
  .bss               zero     0x2000'5050     0x4  tasks.o [1]
  .bss               zero     0x2000'5054     0x4  tasks.o [1]
  .bss               zero     0x2000'5058     0x4  tasks.o [1]
  .bss               zero     0x2000'505c     0x4  tasks.o [1]
  .bss               zero     0x2000'5060     0x4  tasks.o [1]
  .bss               zero     0x2000'5064     0x4  tasks.o [1]
  .bss               zero     0x2000'5068     0x4  timers.o [1]
  .bss               zero     0x2000'506c     0x4  timers.o [1]
  .bss               zero     0x2000'5070     0x4  timers.o [1]
  .bss               zero     0x2000'5074     0x4  timers.o [1]
  .bss               zero     0x2000'5078     0x4  timers.o [1]
  .bss               zero     0x2000'507c     0x1  port.o [1]
  .bss               zero     0x2000'507d     0x1  SEGGER_SYSVIEW.o [1]
                            - 0x2000'507e  0x506a

"P2", part 3 of 3:                          0x400
  CSTACK                      0x2000'5080   0x400  <Block>
    CSTACK           uninit   0x2000'5080   0x400  <Block tail>
                            - 0x2000'5480   0x400

Unused ranges:

         From           To       Size
         ----           --       ----
   0x800'82e0   0x81f'ffff  0x1f'7d20
  0x2000'5480  0x2001'ffff   0x1'ab80


*******************************************************************************
*** INIT TABLE
***

          Address      Size
          -------      ----
Zero (__iar_zero_init3)
    1 destination range, total size 0x506a:
          0x2000'0014  0x506a

Copy (__iar_copy_init3)
    1 source range, total size 0x14 (117% of destination):
           0x800'7fec    0x14
    1 destination range, total size 0x11:
          0x2000'0000    0x11



*******************************************************************************
*** MODULE SUMMARY
***

    Module                     ro code  ro data  rw data
    ------                     -------  -------  -------
command line/config:
    ----------------------------------------------------
    Total:

D:\Code\FreeRtos\task2\EWARM\task2\Obj: [1]
    SEGGER_RTT.o                 1'084       20    1'208
    SEGGER_RTT_printf.o          1'166       16
    SEGGER_SYSVIEW.o             2'904       12      273
    SEGGER_SYSVIEW_FreeRTOS.o      198       88      164
    bsp_led.o                      224
    bsp_uart.o                     356                32
    cmsis_os2.o                    504             1'724
    freertos.o                     148      108        8
    heap_4.o                       628        4   15'384
    list.o                         154
    main.o                         426
    port.o                         620        8        9
    portasm.o                      176
    queue.o                      2'132                64
    startup_stm32h743xx.o        1'232
    stm32h7xx_hal.o                240        5        9
    stm32h7xx_hal_cortex.o         340
    stm32h7xx_hal_gpio.o           660
    stm32h7xx_hal_msp.o             40
    stm32h7xx_hal_pwr_ex.o          84
    stm32h7xx_hal_rcc.o          2'844
    stm32h7xx_hal_rcc_ex.o       4'492
    stm32h7xx_hal_uart.o         6'384
    stm32h7xx_hal_uart_ex.o        396       16
    stm32h7xx_it.o                  32
    system_stm32h7xx.o             220       24        8
    tasks.o                      2'792        8    1'280
    timers.o                     1'164       16      300
    usart.o                        248               140
    ----------------------------------------------------
    Total:                      31'888      325   20'603

dl7M_tlf.a: [2]
    exit.o                           4
    low_level_init.o                 4
    ----------------------------------------------------
    Total:                           8

m7M_tlv.a: [3]
    fpinit_M.o                      34
    ----------------------------------------------------
    Total:                          34

rt7M_tl.a: [4]
    ABImemcpy.o                    166
    ABImemset.o                    102
    I64DivMod.o                    560
    I64DivZer.o                      2
    cexit.o                         10
    cmain.o                         30
    copy_init3.o                    46
    cstartup_M.o                    12
    data_init.o                     40
    memcmp.o                       104
    memset.o                        20
    strcpy.o                        24
    zero_init3.o                    58
    ----------------------------------------------------
    Total:                       1'174

shb_l.a: [5]
    exit.o                          20
    ----------------------------------------------------
    Total:                          20

    Gaps                            14        2
    Linker created                           39    1'024
--------------------------------------------------------
    Grand Total:                33'138      366   21'627


*******************************************************************************
*** ENTRY LIST
***

Entry                       Address    Size  Type      Object
-----                       -------    ----  ----      ------
.iar.init_table$$Base    0x800'7f48           --   Gb  - Linker created -
.iar.init_table$$Limit   0x800'7f6c           --   Gb  - Linker created -
?main                    0x800'7fa5          Code  Gb  cmain.o [4]
BSP_LED_Init             0x800'43cd    0x56  Code  Gb  bsp_led.o [1]
BSP_LED_OFF              0x800'4423    0x44  Code  Gb  bsp_led.o [1]
BSP_LED_Toggle           0x800'4467    0x3e  Code  Gb  bsp_led.o [1]
BusFault_Handler         0x800'7f73     0x2  Code  Gb  stm32h7xx_it.o [1]
CSTACK$$Base            0x2000'5080           --   Gb  - Linker created -
CSTACK$$Limit           0x2000'5480           --   Gb  - Linker created -
D1CorePrescTable         0x800'8020    0x10  Data  Gb  system_stm32h7xx.o [1]
DebugMon_Handler         0x800'7f77     0x2  Code  Gb  stm32h7xx_it.o [1]
Error_Handler            0x800'3d0d     0x2  Code  Gb  main.o [1]
HAL_GPIO_Init            0x800'3ee9   0x220  Code  Gb  stm32h7xx_hal_gpio.o [1]
HAL_GPIO_TogglePin       0x800'4123    0x22  Code  Gb  stm32h7xx_hal_gpio.o [1]
HAL_GPIO_WritePin        0x800'4109    0x1a  Code  Gb  stm32h7xx_hal_gpio.o [1]
HAL_GetREVID             0x800'43ad     0xa  Code  Gb  stm32h7xx_hal.o [1]
HAL_GetTick              0x800'3b59     0xc  Code  Wk  stm32h7xx_hal.o [1]
HAL_IncTick              0x800'7f8d    0x18  Code  Wk  stm32h7xx_hal.o [1]
HAL_Init                 0x800'4359    0x54  Code  Gb  stm32h7xx_hal.o [1]
HAL_InitTick             0x800'4301    0x58  Code  Wk  stm32h7xx_hal.o [1]
HAL_MspInit              0x800'4c31    0x28  Code  Gb  stm32h7xx_hal_msp.o [1]
HAL_NVIC_EnableIRQ       0x800'4295     0xe  Code  Gb  stm32h7xx_hal_cortex.o [1]
HAL_NVIC_SetPriority     0x800'4271    0x24  Code  Gb  stm32h7xx_hal_cortex.o [1]
HAL_NVIC_SetPriorityGrouping
                         0x800'4265     0xc  Code  Gb  stm32h7xx_hal_cortex.o [1]
HAL_PWREx_ConfigSupply   0x800'4b75    0x4c  Code  Gb  stm32h7xx_hal_pwr_ex.o [1]
HAL_RCCEx_GetD1SysClockFreq
                         0x800'2b75    0x26  Code  Gb  stm32h7xx_hal_rcc_ex.o [1]
HAL_RCCEx_GetD3PCLK1Freq
                         0x800'26f1    0x1e  Code  Gb  stm32h7xx_hal_rcc_ex.o [1]
HAL_RCCEx_GetPLL2ClockFreq
                         0x800'2721   0x21c  Code  Gb  stm32h7xx_hal_rcc_ex.o [1]
HAL_RCCEx_GetPLL3ClockFreq
                         0x800'2949   0x21c  Code  Gb  stm32h7xx_hal_rcc_ex.o [1]
HAL_RCCEx_PeriphCLKConfig
                         0x800'1c81   0xa5a  Code  Gb  stm32h7xx_hal_rcc_ex.o [1]
HAL_RCC_ClockConfig      0x800'303d   0x278  Code  Gb  stm32h7xx_hal_rcc.o [1]
HAL_RCC_GetHCLKFreq      0x800'34cb    0x20  Code  Gb  stm32h7xx_hal_rcc.o [1]
HAL_RCC_GetPCLK1Freq     0x800'34eb    0x1a  Code  Gb  stm32h7xx_hal_rcc.o [1]
HAL_RCC_GetPCLK2Freq     0x800'3505    0x1a  Code  Gb  stm32h7xx_hal_rcc.o [1]
HAL_RCC_GetSysClockFreq
                         0x800'32b5   0x216  Code  Gb  stm32h7xx_hal_rcc.o [1]
HAL_RCC_OscConfig        0x800'3575   0x5e4  Code  Wk  stm32h7xx_hal_rcc.o [1]
HAL_SYSTICK_Config       0x800'42a3     0xc  Code  Gb  stm32h7xx_hal_cortex.o [1]
HAL_UARTEx_DisableFifoMode
                         0x800'3d49    0x46  Code  Gb  stm32h7xx_hal_uart_ex.o [1]
HAL_UARTEx_SetRxFifoThreshold
                         0x800'3de5    0x56  Code  Gb  stm32h7xx_hal_uart_ex.o [1]
HAL_UARTEx_SetTxFifoThreshold
                         0x800'3d8f    0x56  Code  Gb  stm32h7xx_hal_uart_ex.o [1]
HAL_UART_Init            0x800'0299    0x7e  Code  Gb  stm32h7xx_hal_uart.o [1]
HAL_UART_MspInit         0x800'1bf9    0x72  Code  Gb  usart.o [1]
HardFault_Handler        0x800'7f6f     0x2  Code  Gb  stm32h7xx_it.o [1]
Idle_Stack              0x2000'4874   0x200  Data  Lc  cmsis_os2.o [1]
Idle_TCB                0x2000'4dcc    0x5c  Data  Lc  cmsis_os2.o [1]
KernelState             0x2000'5000     0x4  Data  Lc  cmsis_os2.o [1]
LedTask                  0x800'4959    0x24  Code  Gb  freertos.o [1]
MX_FREERTOS_Init         0x800'48e9    0x40  Code  Gb  freertos.o [1]
MX_USART1_UART_Init      0x800'1b89    0x70  Code  Gb  usart.o [1]
MemManage_Handler        0x800'7f71     0x2  Code  Gb  stm32h7xx_it.o [1]
NMI_Handler              0x800'7f6d     0x2  Code  Gb  stm32h7xx_it.o [1]
NVIC_EncodePriority      0x800'41f5    0x40  Code  Lc  stm32h7xx_hal_cortex.o [1]
PendSV_Handler           0x800'7321          Code  Gb  portasm.o [1]
RCCEx_PLL2_Config        0x800'2ba9   0x11c  Code  Lc  stm32h7xx_hal_rcc_ex.o [1]
RCCEx_PLL3_Config        0x800'2cc5   0x11c  Code  Lc  stm32h7xx_hal_rcc_ex.o [1]
Region$$Table$$Base      0x800'7f48           --   Gb  - Linker created -
Region$$Table$$Limit     0x800'7f6c           --   Gb  - Linker created -
SCB_EnableDCache         0x800'3b8f    0x54  Code  Lc  main.o [1]
SCB_EnableICache         0x800'3b65    0x2a  Code  Lc  main.o [1]
SEGGER_RTT_ConfigUpBuffer
                         0x800'484d    0x80  Code  Gb  SEGGER_RTT.o [1]
SEGGER_RTT_Init          0x800'48cd     0x8  Code  Gb  SEGGER_RTT.o [1]
SEGGER_RTT_ReadNoLock    0x800'4617    0xbc  Code  Gb  SEGGER_RTT.o [1]
SEGGER_RTT_Write         0x800'481d    0x30  Code  Gb  SEGGER_RTT.o [1]
SEGGER_RTT_WriteNoLock   0x800'479b    0x82  Code  Gb  SEGGER_RTT.o [1]
SEGGER_RTT_WriteSkipNoLock
                         0x800'46d9    0xc2  Code  Gb  SEGGER_RTT.o [1]
SEGGER_RTT_printf        0x800'518b    0x1c  Code  Gb  SEGGER_RTT_printf.o [1]
SEGGER_RTT_vprintf       0x800'4f15   0x276  Code  Gb  SEGGER_RTT_printf.o [1]
SEGGER_SYSVIEW_GetSysDesc
                         0x800'6789    0xa4  Code  Gb  SEGGER_SYSVIEW.o [1]
SEGGER_SYSVIEW_OnIdle    0x800'6a1b    0x26  Code  Gb  SEGGER_SYSVIEW.o [1]
SEGGER_SYSVIEW_OnTaskCreate
                         0x800'6a41    0x58  Code  Gb  SEGGER_SYSVIEW.o [1]
SEGGER_SYSVIEW_OnTaskStartExec
                         0x800'6a99    0x58  Code  Gb  SEGGER_SYSVIEW.o [1]
SEGGER_SYSVIEW_OnTaskStartReady
                         0x800'6af1    0x58  Code  Gb  SEGGER_SYSVIEW.o [1]
SEGGER_SYSVIEW_OnTaskStopReady
                         0x800'6b49    0x74  Code  Gb  SEGGER_SYSVIEW.o [1]
SEGGER_SYSVIEW_RecordEnterISR
                         0x800'6975    0x5a  Code  Gb  SEGGER_SYSVIEW.o [1]
SEGGER_SYSVIEW_RecordExitISR
                         0x800'69cf    0x26  Code  Gb  SEGGER_SYSVIEW.o [1]
SEGGER_SYSVIEW_RecordExitISRToScheduler
                         0x800'69f5    0x26  Code  Gb  SEGGER_SYSVIEW.o [1]
SEGGER_SYSVIEW_RecordSystime
                         0x800'693d    0x38  Code  Gb  SEGGER_SYSVIEW.o [1]
SEGGER_SYSVIEW_RecordU32
                         0x800'6491    0x50  Code  Gb  SEGGER_SYSVIEW.o [1]
SEGGER_SYSVIEW_RecordU32x2
                         0x800'64e1    0x6c  Code  Gb  SEGGER_SYSVIEW.o [1]
SEGGER_SYSVIEW_RecordU32x3
                         0x800'654d    0x82  Code  Gb  SEGGER_SYSVIEW.o [1]
SEGGER_SYSVIEW_RecordU32x4
                         0x800'65cf    0x9c  Code  Gb  SEGGER_SYSVIEW.o [1]
SEGGER_SYSVIEW_RecordVoid
                         0x800'6469    0x28  Code  Gb  SEGGER_SYSVIEW.o [1]
SEGGER_SYSVIEW_SendModule
                         0x800'6bc9    0x9e  Code  Gb  SEGGER_SYSVIEW.o [1]
SEGGER_SYSVIEW_SendModuleDescription
                         0x800'6c67    0x20  Code  Gb  SEGGER_SYSVIEW.o [1]
SEGGER_SYSVIEW_SendNumModules
                         0x800'6c87    0x4c  Code  Gb  SEGGER_SYSVIEW.o [1]
SEGGER_SYSVIEW_SendTaskInfo
                         0x800'682d    0xf4  Code  Gb  SEGGER_SYSVIEW.o [1]
SEGGER_SYSVIEW_SendTaskList
                         0x800'6921    0x1c  Code  Gb  SEGGER_SYSVIEW.o [1]
SEGGER_SYSVIEW_ShrinkId
                         0x800'6bbd     0xc  Code  Gb  SEGGER_SYSVIEW.o [1]
SEGGER_SYSVIEW_Start     0x800'667d    0xd8  Code  Gb  SEGGER_SYSVIEW.o [1]
SEGGER_SYSVIEW_Stop      0x800'6755    0x34  Code  Gb  SEGGER_SYSVIEW.o [1]
SEGGER_SYSVIEW_Warn      0x800'6cd9    0x6e  Code  Gb  SEGGER_SYSVIEW.o [1]
SVC_Handler              0x800'7379          Code  Gb  portasm.o [1]
SYSVIEW_AddTask          0x800'6d65    0x76  Code  Gb  SEGGER_SYSVIEW_FreeRTOS.o [1]
SYSVIEW_SendTaskInfo     0x800'6ded    0x3e  Code  Gb  SEGGER_SYSVIEW_FreeRTOS.o [1]
StartDefaultTask         0x800'4929    0x1c  Code  Gb  freertos.o [1]
SysTick_Config           0x800'4235    0x30  Code  Lc  stm32h7xx_hal_cortex.o [1]
SysTick_Handler          0x800'7f79    0x14  Code  Gb  stm32h7xx_it.o [1]
SystemClock_Config       0x800'3c0b    0xe4  Code  Gb  main.o [1]
SystemCoreClock         0x2000'0008     0x4  Data  Gb  system_stm32h7xx.o [1]
SystemD2Clock           0x2000'000c     0x4  Data  Gb  system_stm32h7xx.o [1]
SystemInit               0x800'7d89    0x90  Code  Gb  system_stm32h7xx.o [1]
Timer_Stack             0x2000'4074   0x400  Data  Lc  cmsis_os2.o [1]
Timer_TCB               0x2000'4e28    0x5c  Data  Lc  cmsis_os2.o [1]
UARTEx_SetNbDataToProcess
                         0x800'3e3b    0x8e  Code  Lc  stm32h7xx_hal_uart_ex.o [1]
UART_AdvFeatureConfig    0x800'1979    0xda  Code  Gb  stm32h7xx_hal_uart.o [1]
UART_CheckIdleState      0x800'1a53    0x6e  Code  Gb  stm32h7xx_hal_uart.o [1]
UART_IRQ_Hand            0x800'7c25   0x154  Code  Lc  bsp_uart.o [1]
UART_SetConfig           0x800'0319  0x1660  Code  Gb  stm32h7xx_hal_uart.o [1]
UART_WaitOnFlagUntilTimeout
                         0x800'1ac1    0xba  Code  Gb  stm32h7xx_hal_uart.o [1]
USART1_IRQHandler        0x800'7d79     0xa  Code  Gb  bsp_uart.o [1]
UsageFault_Handler       0x800'7f75     0x2  Code  Gb  stm32h7xx_it.o [1]
_DoInit                  0x800'44ad    0x5c  Code  Lc  SEGGER_RTT.o [1]
_EncodeStr               0x800'620d    0x46  Code  Lc  SEGGER_SYSVIEW.o [1]
_GetAvailWriteSpace      0x800'45fd    0x1a  Code  Lc  SEGGER_RTT.o [1]
_HandleIncomingPacket    0x800'6257    0x90  Code  Lc  SEGGER_SYSVIEW.o [1]
_NumModules             0x2000'507d     0x1  Data  Lc  SEGGER_SYSVIEW.o [1]
_NumTasks               0x2000'5024     0x4  Data  Lc  SEGGER_SYSVIEW_FreeRTOS.o [1]
_PreparePacket           0x800'6253     0x4  Code  Lc  SEGGER_SYSVIEW.o [1]
_PrintInt                0x800'4e35    0xe0  Code  Lc  SEGGER_RTT_printf.o [1]
_PrintUnsigned           0x800'4d5d    0xd2  Code  Lc  SEGGER_RTT_printf.o [1]
_PrintUnsigned::_aV2C    0x800'8010    0x10  Data  Lc  SEGGER_RTT_printf.o [1]
_SEGGER_RTT             0x2000'4b58    0xa8  Data  Gb  SEGGER_RTT.o [1]
_SYSVIEW_Globals        0x2000'4f14    0x28  Data  Lc  SEGGER_SYSVIEW.o [1]
_SendPacket              0x800'6361   0x108  Code  Lc  SEGGER_SYSVIEW.o [1]
_StoreChar               0x800'4d19    0x44  Code  Lc  SEGGER_RTT_printf.o [1]
_TrySendOverflowPacket   0x800'62e7    0x7a  Code  Lc  SEGGER_SYSVIEW.o [1]
_WriteBlocking           0x800'4509    0x84  Code  Lc  SEGGER_RTT.o [1]
_WriteNoCheck            0x800'458d    0x70  Code  Lc  SEGGER_RTT.o [1]
__NVIC_EnableIRQ         0x800'41ab    0x1e  Code  Lc  stm32h7xx_hal_cortex.o [1]
__NVIC_GetPriorityGrouping
                         0x800'419f     0xc  Code  Lc  stm32h7xx_hal_cortex.o [1]
__NVIC_SetPriority       0x800'41c9    0x2c  Code  Lc  stm32h7xx_hal_cortex.o [1]
__NVIC_SetPriorityGrouping
                         0x800'417d    0x22  Code  Lc  stm32h7xx_hal_cortex.o [1]
__aeabi_ldiv0            0x800'42d1          Code  Gb  I64DivZer.o [4]
__aeabi_memcpy           0x800'4c71          Code  Gb  ABImemcpy.o [4]
__aeabi_memcpy4          0x800'4c91          Code  Gb  ABImemcpy.o [4]
__aeabi_memcpy8          0x800'4c91          Code  Gb  ABImemcpy.o [4]
__aeabi_memset           0x800'4bc9          Code  Gb  ABImemset.o [4]
__aeabi_uldivmod         0x800'2e0d          Code  Gb  I64DivMod.o [4]
__cmain                  0x800'7fa5          Code  Gb  cmain.o [4]
__exit                   0x800'7fd9    0x14  Code  Gb  exit.o [5]
__iar_Memset             0x800'4bc9          Code  Gb  ABImemset.o [4]
__iar_Memset_word        0x800'4bd1          Code  Gb  ABImemset.o [4]
__iar_copy_init3         0x800'42d3    0x2e  Code  Gb  copy_init3.o [4]
__iar_data_init3         0x800'7eb5    0x28  Code  Gb  data_init.o [4]
__iar_init_vfp           0x800'7f25          Code  Gb  fpinit_M.o [3]
__iar_program_start      0x800'8065          Code  Gb  cstartup_M.o [4]
__iar_zero_init3         0x800'3d0f    0x3a  Code  Gb  zero_init3.o [4]
__low_level_init         0x800'7fc3     0x4  Code  Gb  low_level_init.o [2]
__vector_table           0x800'0000          Data  Gb  startup_stm32h743xx.o [1]
_aPacket                0x2000'4a74    0xe4  Data  Lc  SEGGER_SYSVIEW.o [1]
_aTasks                 0x2000'4c00    0xa0  Data  Lc  SEGGER_SYSVIEW_FreeRTOS.o [1]
_abSync                  0x800'8058     0xc  Data  Lc  SEGGER_SYSVIEW.o [1]
_acDownBuffer           0x2000'4fe8    0x10  Data  Lc  SEGGER_RTT.o [1]
_acUpBuffer             0x2000'4474   0x400  Data  Lc  SEGGER_RTT.o [1]
_call_main               0x800'7fb1          Code  Gb  cmain.o [4]
_exit                    0x800'7fcd          Code  Gb  cexit.o [4]
_main                    0x800'7fbf          Code  Gb  cmain.o [4]
_pFirstModule           0x2000'5020     0x4  Data  Lc  SEGGER_SYSVIEW.o [1]
defaultTaskHandle       0x2000'5008     0x4  Data  Gb  freertos.o [1]
exit                     0x800'7fc7     0x4  Code  Gb  exit.o [2]
g_tUart1                0x2000'4f3c    0x20  Data  Lc  bsp_uart.o [1]
huart1                  0x2000'4d40    0x8c  Data  Gb  usart.o [1]
ledTaskHandle           0x2000'5004     0x4  Data  Gb  freertos.o [1]
main                     0x800'3be3    0x28  Code  Gb  main.o [1]
memcmp                   0x800'72b9          Code  Gb  memcmp.o [4]
memset                   0x800'3ed5    0x14  Code  Gb  memset.o [4]
osDelay                  0x800'4b01    0x3c  Code  Gb  cmsis_os2.o [1]
osKernelInitialize       0x800'497d    0x3c  Code  Gb  cmsis_os2.o [1]
osKernelStart            0x800'49b9    0x42  Code  Gb  cmsis_os2.o [1]
osThreadNew              0x800'49fb   0x106  Code  Gb  cmsis_os2.o [1]
pcInterruptPriorityRegisters
                         0x800'80b4     0x4  Data  Lc  port.o [1]
prvAddCurrentTaskToDelayedList
                         0x800'5bd5    0x8a  Code  Lc  tasks.o [1]
prvAddNewTaskToReadyList
                         0x800'5393    0xc4  Code  Lc  tasks.o [1]
prvCheckForValidListAndQueue
                         0x800'723d    0x4c  Code  Lc  timers.o [1]
prvCheckForValidListAndQueue{1}{2}{3}{4}::ucStaticTimerQueueStorage
                        0x2000'4ca0    0xa0  Data  Lc  timers.o [1]
prvCheckForValidListAndQueue{1}{2}{3}{4}::xStaticTimerQueue
                        0x2000'4e84    0x50  Data  Lc  timers.o [1]
prvCheckTasksWaitingTermination
                         0x800'5a3d    0x3e  Code  Lc  tasks.o [1]
prvCopyDataFromQueue     0x800'7abd    0x36  Code  Lc  queue.o [1]
prvCopyDataToQueue       0x800'7a21    0x9c  Code  Lc  queue.o [1]
prvDeleteTCB             0x800'5a81    0x44  Code  Lc  tasks.o [1]
prvGetNextExpireTime     0x800'7007    0x2a  Code  Lc  timers.o [1]
prvHeapInit              0x800'5e25    0x62  Code  Lc  heap_4.o [1]
prvIdleTask              0x800'59c5    0x24  Code  Lc  tasks.o [1]
prvInitialiseNewQueue    0x800'7525    0x44  Code  Lc  queue.o [1]
prvInitialiseNewTask     0x800'52b3    0xe0  Code  Lc  tasks.o [1]
prvInitialiseTaskLists   0x800'59e9    0x54  Code  Lc  tasks.o [1]
prvInsertBlockIntoFreeList
                         0x800'5e87    0x5e  Code  Lc  heap_4.o [1]
prvInsertTimerInActiveList
                         0x800'7059    0x50  Code  Lc  timers.o [1]
prvIsQueueEmpty          0x800'7b61    0x1c  Code  Lc  queue.o [1]
prvIsQueueFull           0x800'7b7d    0x1e  Code  Lc  queue.o [1]
prvProcessExpiredTimer   0x800'6f1b    0x5c  Code  Lc  timers.o [1]
prvProcessReceivedCommands
                         0x800'70a9   0x108  Code  Lc  timers.o [1]
prvProcessTimerOrBlockTask
                         0x800'6f93    0x74  Code  Lc  timers.o [1]
prvResetNextTaskUnblockTime
                         0x800'5ac5    0x26  Code  Lc  tasks.o [1]
prvSampleTimeNow         0x800'7031    0x28  Code  Lc  timers.o [1]
prvSampleTimeNow::xLastTime
                        0x2000'5078     0x4  Data  Lc  timers.o [1]
prvSwitchTimerLists      0x800'71b1    0x8c  Code  Lc  timers.o [1]
prvTaskExitError         0x800'5fc9    0x2a  Code  Lc  port.o [1]
prvTimerTask             0x800'6f79    0x1a  Code  Lc  timers.o [1]
prvUnlockQueue           0x800'7af3    0x6e  Code  Lc  queue.o [1]
pvPortMalloc             0x800'5c91   0x120  Code  Gb  heap_4.o [1]
pxCurrentTCB            0x2000'502c     0x4  Data  Gb  tasks.o [1]
pxCurrentTimerList      0x2000'5068     0x4  Data  Lc  timers.o [1]
pxDelayedTaskList       0x2000'5030     0x4  Data  Lc  tasks.o [1]
pxEnd                   0x2000'500c     0x4  Data  Lc  heap_4.o [1]
pxOverflowDelayedTaskList
                        0x2000'5034     0x4  Data  Lc  tasks.o [1]
pxOverflowTimerList     0x2000'506c     0x4  Data  Lc  timers.o [1]
pxPortInitialiseStack    0x800'5fa1    0x28  Code  Gb  port.o [1]
pxReadyTasksLists       0x2000'3c14   0x460  Data  Lc  tasks.o [1]
strcpy                   0x800'4c59          Code  Gb  strcpy.o [4]
ucHeap                  0x2000'0014  0x3c00  Data  Lc  heap_4.o [1]
ucMaxSysCallPriority    0x2000'507c     0x1  Data  Lc  port.o [1]
ulMaxPRIGROUPValue      0x2000'501c     0x4  Data  Lc  port.o [1]
uwTick                  0x2000'5028     0x4  Data  Gb  stm32h7xx_hal.o [1]
uwTickFreq              0x2000'0010     0x1  Data  Gb  stm32h7xx_hal.o [1]
uwTickPrio              0x2000'0004     0x4  Data  Gb  stm32h7xx_hal.o [1]
uxCriticalNesting       0x2000'0000     0x4  Data  Lc  port.o [1]
uxCurrentNumberOfTasks  0x2000'503c     0x4  Data  Lc  tasks.o [1]
uxDeletedTasksWaitingCleanUp
                        0x2000'5038     0x4  Data  Lc  tasks.o [1]
uxListRemove             0x800'5f77    0x28  Code  Gb  list.o [1]
uxPendedTicks           0x2000'504c     0x4  Data  Lc  tasks.o [1]
uxSchedulerSuspended    0x2000'5064     0x4  Data  Lc  tasks.o [1]
uxTaskNumber            0x2000'5058     0x4  Data  Lc  tasks.o [1]
uxTopReadyPriority      0x2000'5044     0x4  Data  Lc  tasks.o [1]
vApplicationGetIdleTaskMemory
                         0x800'4b45     0xe  Code  Gb  cmsis_os2.o [1]
vApplicationGetTimerTaskMemory
                         0x800'4b53    0x10  Code  Gb  cmsis_os2.o [1]
vListInitialise          0x800'5f05    0x1e  Code  Gb  list.o [1]
vListInitialiseItem      0x800'5f23     0x6  Code  Gb  list.o [1]
vListInsert              0x800'5f41    0x36  Code  Gb  list.o [1]
vListInsertEnd           0x800'5f29    0x18  Code  Gb  list.o [1]
vPortEnableVFP           0x800'73b5          Code  Gb  portasm.o [1]
vPortEnterCritical       0x800'60c1    0x34  Code  Gb  port.o [1]
vPortExitCritical        0x800'60f5    0x2c  Code  Gb  port.o [1]
vPortFree                0x800'5db1    0x74  Code  Gb  heap_4.o [1]
vPortStartFirstTask      0x800'7395          Code  Gb  portasm.o [1]
vPortValidateInterruptPriority
                         0x800'6159    0x4e  Code  Gb  port.o [1]
vQueueAddToRegistry      0x800'7b9b    0x38  Code  Gb  queue.o [1]
vQueueWaitForMessageRestricted
                         0x800'7bd9    0x4c  Code  Gb  queue.o [1]
vTaskDelay               0x800'5457    0x56  Code  Gb  tasks.o [1]
vTaskInternalSetTimeOutState
                         0x800'5911    0x12  Code  Gb  tasks.o [1]
vTaskMissedYield         0x800'59bb     0xa  Code  Gb  tasks.o [1]
vTaskPlaceOnEventList    0x800'57f5    0x34  Code  Gb  tasks.o [1]
vTaskPlaceOnEventListRestricted
                         0x800'5831    0x46  Code  Gb  tasks.o [1]
vTaskStartScheduler      0x800'54ad    0x9a  Code  Gb  tasks.o [1]
vTaskSuspendAll          0x800'5547     0xc  Code  Gb  tasks.o [1]
vTaskSwitchContext       0x800'575d    0x90  Code  Gb  tasks.o [1]
xActiveTimerList1       0x2000'4fc0    0x14  Data  Lc  timers.o [1]
xActiveTimerList2       0x2000'4fd4    0x14  Data  Lc  timers.o [1]
xBlockAllocatedBit      0x2000'5018     0x4  Data  Lc  heap_4.o [1]
xDelayedTaskList1       0x2000'4f5c    0x14  Data  Lc  tasks.o [1]
xDelayedTaskList2       0x2000'4f70    0x14  Data  Lc  tasks.o [1]
xFreeBytesRemaining     0x2000'5010     0x4  Data  Lc  heap_4.o [1]
xHeapStructSize          0x800'80b0     0x4  Data  Lc  heap_4.o [1]
xIdleTaskHandle         0x2000'5060     0x4  Data  Lc  tasks.o [1]
xMinimumEverFreeBytesRemaining
                        0x2000'5014     0x4  Data  Lc  heap_4.o [1]
xNextTaskUnblockTime    0x2000'505c     0x4  Data  Lc  tasks.o [1]
xNumOfOverflows         0x2000'5054     0x4  Data  Lc  tasks.o [1]
xPendingReadyList       0x2000'4f84    0x14  Data  Lc  tasks.o [1]
xPortStartScheduler      0x800'5ff3    0xce  Code  Gb  port.o [1]
xPortSysTickHandler      0x800'6121    0x36  Code  Gb  port.o [1]
xQueueGenericCreateStatic
                         0x800'7465    0xc0  Code  Gb  queue.o [1]
xQueueGenericReset       0x800'73d1    0x94  Code  Gb  queue.o [1]
xQueueGenericSend        0x800'7569   0x1ee  Code  Gb  queue.o [1]
xQueueGenericSendFromISR
                         0x800'7757   0x100  Code  Gb  queue.o [1]
xQueueReceive            0x800'7857   0x1c6  Code  Gb  queue.o [1]
xQueueRegistry          0x2000'4ed4    0x40  Data  Gb  queue.o [1]
xSchedulerRunning       0x2000'5048     0x4  Data  Lc  tasks.o [1]
xStart                  0x2000'4ff8     0x8  Data  Lc  heap_4.o [1]
xSuspendedTaskList      0x2000'4fac    0x14  Data  Lc  tasks.o [1]
xTaskCheckForTimeOut     0x800'592d    0x8e  Code  Gb  tasks.o [1]
xTaskCreate              0x800'5241    0x72  Code  Gb  tasks.o [1]
xTaskCreateStatic        0x800'51a9    0x98  Code  Gb  tasks.o [1]
xTaskGetSchedulerState   0x800'5aeb    0x20  Code  Gb  tasks.o [1]
xTaskGetTickCount        0x800'563d     0x8  Code  Gb  tasks.o [1]
xTaskIncrementTick       0x800'5645   0x10e  Code  Gb  tasks.o [1]
xTaskPriorityDisinherit
                         0x800'5b15    0x96  Code  Gb  tasks.o [1]
xTaskRemoveFromEventList
                         0x800'587d    0x8a  Code  Gb  tasks.o [1]
xTaskResumeAll           0x800'5553    0xea  Code  Gb  tasks.o [1]
xTasksWaitingTermination
                        0x2000'4f98    0x14  Data  Lc  tasks.o [1]
xTickCount              0x2000'5040     0x4  Data  Lc  tasks.o [1]
xTimerCreateTimerTask    0x800'6e2d    0x6c  Code  Gb  timers.o [1]
xTimerGenericCommand     0x800'6e99    0x82  Code  Gb  timers.o [1]
xTimerQueue             0x2000'5070     0x4  Data  Lc  timers.o [1]
xTimerTaskHandle        0x2000'5074     0x4  Data  Lc  timers.o [1]
xYieldPending           0x2000'5050     0x4  Data  Lc  tasks.o [1]


[1] = D:\Code\FreeRtos\task2\EWARM\task2\Obj
[2] = dl7M_tlf.a
[3] = m7M_tlv.a
[4] = rt7M_tl.a
[5] = shb_l.a

  33'138 bytes of readonly  code memory
     366 bytes of readonly  data memory
  21'627 bytes of readwrite data memory

Errors: none
Warnings: none
